+ C:\Program Files (x86)\Microsoft Visual Studio\18\BuildTools\Common7\IDE\CommonExtensions\Microsoft\CMake\CMake\bin\cmake.exe -S D:\Install\Dev\Projects\IA\Multi MoE\minimind\native_cpu -B native_cpu\build-u1.2 -DBUILD_TESTING=ON -DCMAKE_BUILD_TYPE=Release -DCMAKE_EXPORT_COMPILE_COMMANDS=ON -G Visual Studio 18 2026 -A x64
-- Selecting Windows SDK version 10.0.26100.0 to target Windows 10.0.26200.
-- The CXX compiler identification is MSVC 19.50.35727.0
-- Detecting CXX compiler ABI info
-- Detecting CXX compiler ABI info - done
-- Check for working CXX compiler: C:/Program Files (x86)/Microsoft Visual Studio/18/BuildTools/VC/Tools/MSVC/14.50.35717/bin/Hostx64/x64/cl.exe - skipped
-- Detecting CXX compile features
-- Detecting CXX compile features - done
-- Configuring done (8.0s)
-- Generating done (0.3s)
CMake Warning:
  Manually-specified variables were not used by the project:

    CMAKE_BUILD_TYPE


-- Build files have been written to: D:/Install/Dev/Projects/IA/Multi MoE/minimind/native_cpu/build-u1.2
+ C:\Program Files (x86)\Microsoft Visual Studio\18\BuildTools\Common7\IDE\CommonExtensions\Microsoft\CMake\CMake\bin\cmake.exe --build native_cpu\build-u1.2 --config Release --parallel 1 -- /nr:false
Versión de MSBuild 18.4.0+6e61e96ac para .NET Framework

  1>Checking Build System
  Building Custom Rule D:/Install/Dev/Projects/IA/Multi MoE/minimind/native_cpu/CMakeLists.txt
  runtime.cpp
  kernels.cpp
  parallel.cpp
D:\Install\Dev\Projects\IA\Multi MoE\minimind\native_cpu\src\parallel.cpp(121,85): warning C4324: 'mm::ParallelTeam::State::ProfileSlot': se rellenó la estructura debido al especificador de alineación [D:\Install\Dev\Projects\IA\Multi MoE\minimind\native_cpu\build-u1.2\minimind_cpu.vcxproj]
D:\Install\Dev\Projects\IA\Multi MoE\minimind\native_cpu\src\parallel.cpp(136,44): warning C4324: 'mm::ParallelTeam::State': se rellenó la estructura debido al especificador de alineación [D:\Install\Dev\Projects\IA\Multi MoE\minimind\native_cpu\build-u1.2\minimind_cpu.vcxproj]
D:\Install\Dev\Projects\IA\Multi MoE\minimind\native_cpu\src\parallel.cpp(139,5): warning C4324: 'mm::ParallelTeam::State::Completion': se rellenó la estructura debido al especificador de alineación [D:\Install\Dev\Projects\IA\Multi MoE\minimind\native_cpu\build-u1.2\minimind_cpu.vcxproj]
  Generando código...
     Creando biblioteca D:/Install/Dev/Projects/IA/Multi MoE/minimind/native_cpu/build-u1.2/Release/minimind_cpu.lib y objeto D:/Install/Dev/Projects/IA/Multi MoE/minimind/native_cpu/build-u1.2/Release/minimind_cpu.exp
  minimind_cpu.vcxproj -> D:\Install\Dev\Projects\IA\Multi MoE\minimind\native_cpu\build-u1.2\Release\minimind_cpu.dll
  D:\Install\Dev\Projects\IA\Multi MoE\minimind\native_cpu\build-u1.2\Release\minimind_cpu.dll: message: deploying dependencies
  Building Custom Rule D:/Install/Dev/Projects/IA/Multi MoE/minimind/native_cpu/CMakeLists.txt
  kernel_bench.cpp
  kernels.cpp
  Generando código...
  mm_bench_cpu_e1.vcxproj -> D:\Install\Dev\Projects\IA\Multi MoE\minimind\native_cpu\build-u1.2\Release\mm_bench_cpu_e1.exe
  D:\Install\Dev\Projects\IA\Multi MoE\minimind\native_cpu\build-u1.2\Release\mm_bench_cpu_e1.exe: message: deploying dependencies
  Building Custom Rule D:/Install/Dev/Projects/IA/Multi MoE/minimind/native_cpu/CMakeLists.txt
cl : línea de comandos  warning D9025: invalidando '/DNDEBUG' con '/UNDEBUG' [D:\Install\Dev\Projects\IA\Multi MoE\minimind\native_cpu\build-u1.2\mm_test_kernels.vcxproj]
  test_kernels.cpp
  kernels.cpp
  Generando código...
  mm_test_kernels.vcxproj -> D:\Install\Dev\Projects\IA\Multi MoE\minimind\native_cpu\build-u1.2\Release\mm_test_kernels.exe
  D:\Install\Dev\Projects\IA\Multi MoE\minimind\native_cpu\build-u1.2\Release\mm_test_kernels.exe: message: deploying dependencies
  Building Custom Rule D:/Install/Dev/Projects/IA/Multi MoE/minimind/native_cpu/CMakeLists.txt
cl : línea de comandos  warning D9025: invalidando '/DNDEBUG' con '/UNDEBUG' [D:\Install\Dev\Projects\IA\Multi MoE\minimind\native_cpu\build-u1.2\mm_test_runtime.vcxproj]
  test_runtime.cpp
  mm_test_runtime.vcxproj -> D:\Install\Dev\Projects\IA\Multi MoE\minimind\native_cpu\build-u1.2\Release\mm_test_runtime.exe
  D:\Install\Dev\Projects\IA\Multi MoE\minimind\native_cpu\build-u1.2\Release\mm_test_runtime.exe: message: deploying dependencies
  D:\Install\Dev\Projects\IA\Multi MoE\minimind\native_cpu\build-u1.2\Release\minimind_cpu.dll: message: deploying dependencies
  Building Custom Rule D:/Install/Dev/Projects/IA/Multi MoE/minimind/native_cpu/CMakeLists.txt
+ C:\Program Files (x86)\Microsoft Visual Studio\18\BuildTools\Common7\IDE\CommonExtensions\Microsoft\CMake\CMake\bin\ctest.exe --test-dir native_cpu\build-u1.2 -C Release --output-on-failure
Test project D:/Install/Dev/Projects/IA/Multi MoE/minimind/native_cpu/build-u1.2
    Start 1: mm_kernels
1/2 Test #1: mm_kernels .......................   Passed    0.07 sec
    Start 2: mm_runtime
2/2 Test #2: mm_runtime .......................   Passed    0.48 sec

100% tests passed, 0 tests failed out of 2

Total Test time (real) =   0.74 sec
{
  "build_type": "Release",
  "cmake": "C:\\Program Files (x86)\\Microsoft Visual Studio\\18\\BuildTools\\Common7\\IDE\\CommonExtensions\\Microsoft\\CMake\\CMake\\bin\\cmake.exe",
  "compile_flags": "/DWIN32 /D_WINDOWS /EHsc /O2 /Ob2 /DNDEBUG /W4 /permissive- /EHsc /fp:precise /std:c++20",
  "compiler": {
    "id": "MSVC",
    "path": "C:\\Program Files (x86)\\Microsoft Visual Studio\\18\\BuildTools\\VC\\Tools\\MSVC\\14.50.35717\\bin\\Hostx64\\x64\\cl.exe",
    "version": "19.50.35727.0"
  },
  "generator": "Visual Studio 18 2026",
  "library": "D:\\Install\\Dev\\Projects\\IA\\Multi MoE\\minimind\\native_cpu\\build-u1.2\\Release\\minimind_cpu.dll",
  "library_sha256": "5956ff064ad8e8fd1ff502d18626ce19240682faa55c584cb3d6eaad1775bb3a",
  "native_sources_sha256": {
    "native_cpu/CMakeLists.txt": "e5b91289091c3403898f2d6ff7320f4f1f6d64e3df765b6aa0d31bbfb2638c72",
    "native_cpu/include/mm_kernels.h": "717abea389e3ee2b83498d960df0e2759d1a9d6ddf5eebd42f0cdc5007339be0",
    "native_cpu/include/mm_parallel.h": "d7c6a24eafb94900210e69bd27945b3cd69f590ca6fd8836f81ca284f7e7ee8f",
    "native_cpu/include/mm_runtime.h": "d2fadcc52926bfa7c269df5d0d9ca917ea9fdfffbc8d2b565ea633530193c290",
    "native_cpu/src/kernels.cpp": "108c684532a1b2f4cc4a50183262c21124d07f3c0db687f08704a6cf6dc09317",
    "native_cpu/src/parallel.cpp": "4b18a9d5a943232637f6f3b43ef524438ae0698595fce69d3205de058c6c42bd",
    "native_cpu/src/runtime.cpp": "d7154b99f185d09029a69bb993a4250c493ad666aee5181da4e0e73a83b968f5",
    "native_cpu/tests/test_kernels.cpp": "30242a19ccf23a0660c0cfcc9c03ccb5e5d40eabd8a7a38611eee2b5343e3e54",
    "native_cpu/tests/test_runtime.cpp": "26c3929576c7c212c95e6a3c0e9c77d54b3edd2c5f1960e3f41817b9e45a4c9f"
  },
  "native_threads": 1,
  "schema_version": 1
}
