PAIR attribution-R0-R1-historical 1/6 ['R0', 'R1']
PAIR attribution-R0-R1-historical 2/6 ['R1', 'R0']
PAIR attribution-R0-R1-historical 3/6 ['R0', 'R1']
PAIR attribution-R0-R1-historical 4/6 ['R1', 'R0']
PAIR attribution-R0-R1-historical 5/6 ['R0', 'R1']
PAIR attribution-R0-R1-historical 6/6 ['R1', 'R0']
PAIR attribution-R0-R1-second 1/6 ['R0', 'R1']
PAIR attribution-R0-R1-second 2/6 ['R1', 'R0']
PAIR attribution-R0-R1-second 3/6 ['R0', 'R1']
PAIR attribution-R0-R1-second 4/6 ['R1', 'R0']
PAIR attribution-R0-R1-second 5/6 ['R0', 'R1']
PAIR attribution-R0-R1-second 6/6 ['R1', 'R0']
PAIR attribution-R0-R2-historical 1/6 ['R0', 'R2']
PAIR attribution-R0-R2-historical 2/6 ['R2', 'R0']
PAIR attribution-R0-R2-historical 3/6 ['R0', 'R2']
PAIR attribution-R0-R2-historical 4/6 ['R2', 'R0']
PAIR attribution-R0-R2-historical 5/6 ['R0', 'R2']
PAIR attribution-R0-R2-historical 6/6 ['R2', 'R0']
PAIR attribution-R0-R2-second 1/6 ['R0', 'R2']
PAIR attribution-R0-R2-second 2/6 ['R2', 'R0']
PAIR attribution-R0-R2-second 3/6 ['R0', 'R2']
PAIR attribution-R0-R2-second 4/6 ['R2', 'R0']
PAIR attribution-R0-R2-second 5/6 ['R0', 'R2']
PAIR attribution-R0-R2-second 6/6 ['R2', 'R0']
PAIR attribution-R0-R3-historical 1/6 ['R0', 'R3']
PAIR attribution-R0-R3-historical 2/6 ['R3', 'R0']
PAIR attribution-R0-R3-historical 3/6 ['R0', 'R3']
PAIR attribution-R0-R3-historical 4/6 ['R3', 'R0']
PAIR attribution-R0-R3-historical 5/6 ['R0', 'R3']
PAIR attribution-R0-R3-historical 6/6 ['R3', 'R0']
PAIR attribution-R0-R3-second 1/6 ['R0', 'R3']
PAIR attribution-R0-R3-second 2/6 ['R3', 'R0']
PAIR attribution-R0-R3-second 3/6 ['R0', 'R3']
PAIR attribution-R0-R3-second 4/6 ['R3', 'R0']
PAIR attribution-R0-R3-second 5/6 ['R0', 'R3']
PAIR attribution-R0-R3-second 6/6 ['R3', 'R0']
PAIR scaling-S1-S0-historical 1/6 ['S1', 'S0']
PAIR scaling-S1-S0-historical 2/6 ['S0', 'S1']
PAIR scaling-S1-S0-historical 3/6 ['S1', 'S0']
PAIR scaling-S1-S0-historical 4/6 ['S0', 'S1']
PAIR scaling-S1-S0-historical 5/6 ['S1', 'S0']
PAIR scaling-S1-S0-historical 6/6 ['S0', 'S1']
PAIR scaling-S1-S0-second 1/6 ['S1', 'S0']
PAIR scaling-S1-S0-second 2/6 ['S0', 'S1']
PAIR scaling-S1-S0-second 3/6 ['S1', 'S0']
PAIR scaling-S1-S0-second 4/6 ['S0', 'S1']
PAIR scaling-S1-S0-second 5/6 ['S1', 'S0']
PAIR scaling-S1-S0-second 6/6 ['S0', 'S1']
PAIR scaling-S1-P2-historical 1/6 ['S1', 'P2']
PAIR scaling-S1-P2-historical 2/6 ['P2', 'S1']
PAIR scaling-S1-P2-historical 3/6 ['S1', 'P2']
PAIR scaling-S1-P2-historical 4/6 ['P2', 'S1']
PAIR scaling-S1-P2-historical 5/6 ['S1', 'P2']
PAIR scaling-S1-P2-historical 6/6 ['P2', 'S1']
PAIR scaling-S1-P2-second 1/6 ['S1', 'P2']
PAIR scaling-S1-P2-second 2/6 ['P2', 'S1']
PAIR scaling-S1-P2-second 3/6 ['S1', 'P2']
PAIR scaling-S1-P2-second 4/6 ['P2', 'S1']
PAIR scaling-S1-P2-second 5/6 ['S1', 'P2']
PAIR scaling-S1-P2-second 6/6 ['P2', 'S1']
PAIR scaling-S1-P4-historical 1/6 ['S1', 'P4']
PAIR scaling-S1-P4-historical 2/6 ['P4', 'S1']
PAIR scaling-S1-P4-historical 3/6 ['S1', 'P4']
PAIR scaling-S1-P4-historical 4/6 ['P4', 'S1']
PAIR scaling-S1-P4-historical 5/6 ['S1', 'P4']
PAIR scaling-S1-P4-historical 6/6 ['P4', 'S1']
PAIR scaling-S1-P4-second 1/6 ['S1', 'P4']
PAIR scaling-S1-P4-second 2/6 ['P4', 'S1']
PAIR scaling-S1-P4-second 3/6 ['S1', 'P4']
PAIR scaling-S1-P4-second 4/6 ['P4', 'S1']
PAIR scaling-S1-P4-second 5/6 ['S1', 'P4']
PAIR scaling-S1-P4-second 6/6 ['P4', 'S1']
PAIR forced-S1-S0-64 1/6 ['S1', 'S0']
PAIR forced-S1-S0-64 2/6 ['S0', 'S1']
PAIR forced-S1-S0-64 3/6 ['S1', 'S0']
PAIR forced-S1-S0-64 4/6 ['S0', 'S1']
PAIR forced-S1-S0-64 5/6 ['S1', 'S0']
PAIR forced-S1-S0-64 6/6 ['S0', 'S1']
PAIR forced-S1-S0-256 1/6 ['S1', 'S0']
PAIR forced-S1-S0-256 2/6 ['S0', 'S1']
PAIR forced-S1-S0-256 3/6 ['S1', 'S0']
PAIR forced-S1-S0-256 4/6 ['S0', 'S1']
PAIR forced-S1-S0-256 5/6 ['S1', 'S0']
PAIR forced-S1-S0-256 6/6 ['S0', 'S1']
PAIR forced-S1-S0-1024 1/6 ['S1', 'S0']
PAIR forced-S1-S0-1024 2/6 ['S0', 'S1']
PAIR forced-S1-S0-1024 3/6 ['S1', 'S0']
PAIR forced-S1-S0-1024 4/6 ['S0', 'S1']
PAIR forced-S1-S0-1024 5/6 ['S1', 'S0']
PAIR forced-S1-S0-1024 6/6 ['S0', 'S1']
PAIR forced-S1-S0-1792 1/6 ['S1', 'S0']
PAIR forced-S1-S0-1792 2/6 ['S0', 'S1']
PAIR forced-S1-S0-1792 3/6 ['S1', 'S0']
PAIR forced-S1-S0-1792 4/6 ['S0', 'S1']
PAIR forced-S1-S0-1792 5/6 ['S1', 'S0']
PAIR forced-S1-S0-1792 6/6 ['S0', 'S1']
PAIR forced-S1-P2-64 1/6 ['S1', 'P2']
PAIR forced-S1-P2-64 2/6 ['P2', 'S1']
PAIR forced-S1-P2-64 3/6 ['S1', 'P2']
PAIR forced-S1-P2-64 4/6 ['P2', 'S1']
PAIR forced-S1-P2-64 5/6 ['S1', 'P2']
PAIR forced-S1-P2-64 6/6 ['P2', 'S1']
PAIR forced-S1-P2-256 1/6 ['S1', 'P2']
PAIR forced-S1-P2-256 2/6 ['P2', 'S1']
PAIR forced-S1-P2-256 3/6 ['S1', 'P2']
PAIR forced-S1-P2-256 4/6 ['P2', 'S1']
PAIR forced-S1-P2-256 5/6 ['S1', 'P2']
PAIR forced-S1-P2-256 6/6 ['P2', 'S1']
PAIR forced-S1-P2-1024 1/6 ['S1', 'P2']
PAIR forced-S1-P2-1024 2/6 ['P2', 'S1']
PAIR forced-S1-P2-1024 3/6 ['S1', 'P2']
PAIR forced-S1-P2-1024 4/6 ['P2', 'S1']
PAIR forced-S1-P2-1024 5/6 ['S1', 'P2']
PAIR forced-S1-P2-1024 6/6 ['P2', 'S1']
PAIR forced-S1-P2-1792 1/6 ['S1', 'P2']
PAIR forced-S1-P2-1792 2/6 ['P2', 'S1']
PAIR forced-S1-P2-1792 3/6 ['S1', 'P2']
PAIR forced-S1-P2-1792 4/6 ['P2', 'S1']
PAIR forced-S1-P2-1792 5/6 ['S1', 'P2']
PAIR forced-S1-P2-1792 6/6 ['P2', 'S1']
PAIR forced-S1-P4-64 1/6 ['S1', 'P4']
PAIR forced-S1-P4-64 2/6 ['P4', 'S1']
PAIR forced-S1-P4-64 3/6 ['S1', 'P4']
PAIR forced-S1-P4-64 4/6 ['P4', 'S1']
PAIR forced-S1-P4-64 5/6 ['S1', 'P4']
PAIR forced-S1-P4-64 6/6 ['P4', 'S1']
PAIR forced-S1-P4-256 1/6 ['S1', 'P4']
PAIR forced-S1-P4-256 2/6 ['P4', 'S1']
PAIR forced-S1-P4-256 3/6 ['S1', 'P4']
PAIR forced-S1-P4-256 4/6 ['P4', 'S1']
PAIR forced-S1-P4-256 5/6 ['S1', 'P4']
PAIR forced-S1-P4-256 6/6 ['P4', 'S1']
PAIR forced-S1-P4-1024 1/6 ['S1', 'P4']
PAIR forced-S1-P4-1024 2/6 ['P4', 'S1']
PAIR forced-S1-P4-1024 3/6 ['S1', 'P4']
PAIR forced-S1-P4-1024 4/6 ['P4', 'S1']
PAIR forced-S1-P4-1024 5/6 ['S1', 'P4']
PAIR forced-S1-P4-1024 6/6 ['P4', 'S1']
PAIR forced-S1-P4-1792 1/6 ['S1', 'P4']
PAIR forced-S1-P4-1792 2/6 ['P4', 'S1']
PAIR forced-S1-P4-1792 3/6 ['S1', 'P4']
PAIR forced-S1-P4-1792 4/6 ['P4', 'S1']
PAIR forced-S1-P4-1792 5/6 ['S1', 'P4']
PAIR forced-S1-P4-1792 6/6 ['P4', 'S1']
PAIR diagnostics-S1 1/6 ['S1-off', 'S1-on']
PAIR diagnostics-S1 2/6 ['S1-on', 'S1-off']
PAIR diagnostics-S1 3/6 ['S1-off', 'S1-on']
PAIR diagnostics-S1 4/6 ['S1-on', 'S1-off']
PAIR diagnostics-S1 5/6 ['S1-off', 'S1-on']
PAIR diagnostics-S1 6/6 ['S1-on', 'S1-off']
PAIR diagnostics-P2 1/6 ['P2-off', 'P2-on']
PAIR diagnostics-P2 2/6 ['P2-on', 'P2-off']
PAIR diagnostics-P2 3/6 ['P2-off', 'P2-on']
PAIR diagnostics-P2 4/6 ['P2-on', 'P2-off']
PAIR diagnostics-P2 5/6 ['P2-off', 'P2-on']
PAIR diagnostics-P2 6/6 ['P2-on', 'P2-off']
PAIR diagnostics-P4 1/6 ['P4-off', 'P4-on']
PAIR diagnostics-P4 2/6 ['P4-on', 'P4-off']
PAIR diagnostics-P4 3/6 ['P4-off', 'P4-on']
PAIR diagnostics-P4 4/6 ['P4-on', 'P4-off']
PAIR diagnostics-P4 5/6 ['P4-off', 'P4-on']
PAIR diagnostics-P4 6/6 ['P4-on', 'P4-off']
